//*****************************************************************************************
//*                                                                                       *
//* This is an auto-generated file by Microsoft ML.NET CLI (Command-Line Interface) tool. *
//*                                                                                       *
//*****************************************************************************************

using System;
using System.IO;
using System.Linq;
using Microsoft.ML;
using Microsoft.ML.Data;
using Microsoft.Data.DataView;
using Microsoft.ML.LightGBM;


namespace MyNamespace
{
    class Program
    {
        private static string TrainDataPath = @"x:\dummypath\dummy_train.csv";
        private static string TestDataPath = @"x:\dummypath\dummy_test.csv";
        private static string ModelPath = @"x:\models\model.zip";

        static void Main(string[] args)
        {
            // Create MLContext to be shared across the model creation workflow objects 
            var mlContext = new MLContext();

            var command = Command.Predict; // Your desired action here

            if (command == Command.Predict)
            {
                Predict(mlContext);
                ConsoleHelper.ConsoleWriteHeader("=============== If you also want to train a model use Command.TrainAndPredict  ===============");
            }

            if (command == Command.TrainAndPredict)
            {
                TrainEvaluateAndSaveModel(mlContext);
                Predict(mlContext);
            }

            Console.WriteLine("=============== End of process, hit any key to finish ===============");
            Console.ReadKey();
        }

        private enum Command
        {
            Predict,
            TrainAndPredict
        }

        private static ITransformer TrainEvaluateAndSaveModel(MLContext mlContext)
        {
            // Load data
            Console.WriteLine("=============== Loading data ===============");
            IDataView trainingDataView = mlContext.Data.LoadFromTextFile<SampleObservation>(
                                            path: TrainDataPath,
                                            hasHeader: true,
                                            separatorChar: ',',
                                            allowQuoting: true,
                                            allowSparse: true);
            IDataView testDataView = mlContext.Data.LoadFromTextFile<SampleObservation>(
                                            path: TestDataPath,
                                            hasHeader: true,
                                            separatorChar: ',',
                                            allowQuoting: true,
                                            allowSparse: true);

            // Common data process configuration with pipeline data transformations
            var dataProcessPipeline = mlContext.Transforms.Concatenate("Out", new[] { "In" })
                                      .AppendCacheCheckpoint(mlContext);

            // Set the training algorithm, then create and config the modelBuilder  
            var trainer = mlContext.BinaryClassification.Trainers.LightGbm(new Options() { NumLeaves = 2, Booster = new Options.TreeBooster.Options() { }, LabelColumnName = "Label", FeatureColumnName = "Features" });
            var trainingPipeline = dataProcessPipeline.Append(trainer);

            // Train the model fitting to the DataSet
            Console.WriteLine("=============== Training the model ===============");
            var trainedModel = trainingPipeline.Fit(trainingDataView);

            // Evaluate the model and show accuracy stats
            Console.WriteLine("===== Evaluating Model's accuracy with Test data =====");
            var predictions = trainedModel.Transform(testDataView);
            var metrics = mlContext.BinaryClassification.EvaluateNonCalibrated(predictions, "Label", "Score");
            ConsoleHelper.PrintBinaryClassificationMetrics(trainer.ToString(), metrics);

            // Save/persist the trained model to a .ZIP file
            Console.WriteLine($"=============== Saving the model  ===============");
            using (var fs = new FileStream(ModelPath, FileMode.Create, FileAccess.Write, FileShare.Write))
                mlContext.Model.Save(trainedModel, fs);

            Console.WriteLine("The model is saved to {0}", ModelPath);
            Console.WriteLine("=============== End of training process ===============");

            return trainedModel;
        }

        // Try/test a single prediction by loading the model from the file, first.
        private static void Predict(MLContext mlContext)
        {
            //Load data to test. Could be any test data. For demonstration purpose train data is used here.
            IDataView trainingDataView = mlContext.Data.LoadFromTextFile<SampleObservation>(
                                            path: TestDataPath,
                                            hasHeader: true,
                                            separatorChar: ',',
                                            allowQuoting: true,
                                            allowSparse: true);

            var sample = mlContext.Data.CreateEnumerable<SampleObservation>(trainingDataView, false).First();

            ITransformer trainedModel;
            using (var stream = new FileStream(ModelPath, FileMode.Open, FileAccess.Read, FileShare.Read))
            {
                trainedModel = mlContext.Model.Load(stream);
            }

            // Create prediction engine related to the loaded trained model
            var predEngine = trainedModel.CreatePredictionEngine<SampleObservation, SamplePrediction>(mlContext);

            //Score
            var resultprediction = predEngine.Predict(sample);

            Console.WriteLine($"=============== Single Prediction  ===============");
            Console.WriteLine($"Actual value: {sample.Label} | Predicted value: {resultprediction.Prediction} ");
            Console.WriteLine($"==================================================");
        }

    }

    public class SampleObservation
    {
        [ColumnName("Label"), LoadColumn(0)]
        public bool Label { get; set; }


        [ColumnName("col1"), LoadColumn(1)]
        public float Col1 { get; set; }


        [ColumnName("col2"), LoadColumn(0)]
        public float Col2 { get; set; }


        [ColumnName("col3"), LoadColumn(0)]
        public string Col3 { get; set; }


        [ColumnName("col4"), LoadColumn(0)]
        public int Col4 { get; set; }


        [ColumnName("col5"), LoadColumn(0)]
        public uint Col5 { get; set; }


    }

    public class SamplePrediction
    {
        // ColumnName attribute is used to change the column name from
        // its default value, which is the name of the field.
        [ColumnName("PredictedLabel")]
        public bool Prediction { get; set; }

        public float Score { get; set; }
    }

}
