//*****************************************************************************************
//*                                                                                       *
//* This is an auto-generated file by Microsoft ML.NET CLI (Command-Line Interface) tool. *
//*                                                                                       *
//*****************************************************************************************

using System;
using System.IO;
using System.Linq;
using Microsoft.ML;
using Microsoft.ML.Data;
using Microsoft.Data.DataView;
using TestNamespace.Model.DataModels;
using Microsoft.ML.LightGBM;

namespace TestNamespace.Train
{
    class Program
    {
        private static string TRAIN_DATA_FILEPATH = @"x:\dummypath\dummy_train.csv";
        private static string TEST_DATA_FILEPATH = @"x:\dummypath\dummy_test.csv";
        private static string MODEL_FILEPATH = @"../../../../TestNamespace.Model/MLModel.zip";

        static void Main(string[] args)
        {
            // Create MLContext to be shared across the model creation workflow objects 
            // Set a random seed for repeatable/deterministic results across multiple trainings.
            MLContext mlContext = new MLContext(seed: 1);

            // Load Data
            IDataView trainingDataView = mlContext.Data.LoadFromTextFile<SampleObservation>(
                                            path: TRAIN_DATA_FILEPATH,
                                            hasHeader: true,
                                            separatorChar: ',',
                                            allowQuoting: true,
                                            allowSparse: true);

            IDataView testDataView = mlContext.Data.LoadFromTextFile<SampleObservation>(
                                            path: TEST_DATA_FILEPATH,
                                            hasHeader: true,
                                            separatorChar: ',',
                                            allowQuoting: true,
                                            allowSparse: true);
            // Build training pipeline
            IEstimator<ITransformer> trainingPipeline = BuildTrainingPipeline(mlContext);

            // Train Model
            ITransformer mlModel = TrainModel(mlContext, trainingDataView, trainingPipeline);

            // Evaluate quality of Model
            EvaluateModel(mlContext, mlModel, testDataView);

            // Save model
            SaveModel(mlContext, mlModel, MODEL_FILEPATH);

            Console.WriteLine("=============== End of process, hit any key to finish ===============");
            Console.ReadKey();
        }

        public static IEstimator<ITransformer> BuildTrainingPipeline(MLContext mlContext)
        {
            // Data process configuration with pipeline data transformations 
            var dataProcessPipeline = mlContext.Transforms.Concatenate("Out", new[] { "In" })
                                      .AppendCacheCheckpoint(mlContext);

            // Set the training algorithm 
            var trainer = mlContext.BinaryClassification.Trainers.LightGbm(new Options() { NumLeaves = 2, Booster = new Options.TreeBooster.Options() { }, LabelColumn = "Label", FeatureColumn = "Features" });
            var trainingPipeline = dataProcessPipeline.Append(trainer);

            return trainingPipeline;
        }

        public static ITransformer TrainModel(MLContext mlContext, IDataView trainingDataView, IEstimator<ITransformer> trainingPipeline)
        {
            Console.WriteLine("=============== Training  model ===============");

            ITransformer model = trainingPipeline.Fit(trainingDataView);

            Console.WriteLine("=============== End of training process ===============");
            return model;
        }

        private static void EvaluateModel(MLContext mlContext, ITransformer mlModel, IDataView testDataView)
        {
            // Evaluate the model and show accuracy stats
            Console.WriteLine("===== Evaluating Model's accuracy with Test data =====");
            IDataView predictions = mlModel.Transform(testDataView);
            var metrics = mlContext.BinaryClassification.EvaluateNonCalibrated(predictions, "Label", "Score");
            ConsoleHelper.PrintBinaryClassificationMetrics(metrics);
        }
        private static void SaveModel(MLContext mlContext, ITransformer mlModel, string modelRelativePath)
        {
            // Save/persist the trained model to a .ZIP file
            Console.WriteLine($"=============== Saving the model  ===============");
            using (var fs = new FileStream(GetAbsolutePath(modelRelativePath), FileMode.Create, FileAccess.Write, FileShare.Write))
                mlContext.Model.Save(mlModel, fs);

            Console.WriteLine("The model is saved to {0}", GetAbsolutePath(modelRelativePath));
        }

        public static string GetAbsolutePath(string relativePath)
        {
            FileInfo _dataRoot = new FileInfo(typeof(Program).Assembly.Location);
            string assemblyFolderPath = _dataRoot.Directory.FullName;

            string fullPath = Path.Combine(assemblyFolderPath, relativePath);

            return fullPath;
        }
    }
}
