//*****************************************************************************************
//*                                                                                       *
//* This is an auto-generated file by Microsoft ML.NET CLI (Command-Line Interface) tool. *
//*                                                                                       *
//*****************************************************************************************

using System;
using System.Collections.Generic;
using System.Linq;
using Microsoft.ML;
using Microsoft.ML.Data;

namespace TestNamespace.Train
{
    public static class ConsoleHelper
    {

        public static void PrintRegressionMetrics(RegressionMetrics metrics)
        {
            Console.WriteLine($"*************************************************");
            Console.WriteLine($"*       Metrics for regression model      ");
            Console.WriteLine($"*------------------------------------------------");
            Console.WriteLine($"*       LossFn:        {metrics.LossFn:0.##}");
            Console.WriteLine($"*       R2 Score:      {metrics.RSquared:0.##}");
            Console.WriteLine($"*       Absolute loss: {metrics.L1:#.##}");
            Console.WriteLine($"*       Squared loss:  {metrics.L2:#.##}");
            Console.WriteLine($"*       RMS loss:      {metrics.Rms:#.##}");
            Console.WriteLine($"*************************************************");
        }

        public static void PrintRegressionFoldsAverageMetrics(TrainCatalogBase.CrossValidationResult<RegressionMetrics>[] crossValidationResults)
        {
            var L1 = crossValidationResults.Select(r => r.Metrics.L1);
            var L2 = crossValidationResults.Select(r => r.Metrics.L2);
            var RMS = crossValidationResults.Select(r => r.Metrics.L1);
            var lossFunction = crossValidationResults.Select(r => r.Metrics.LossFn);
            var R2 = crossValidationResults.Select(r => r.Metrics.RSquared);

            Console.WriteLine($"*************************************************************************************************************");
            Console.WriteLine($"*       Metrics for Regression model      ");
            Console.WriteLine($"*------------------------------------------------------------------------------------------------------------");
            Console.WriteLine($"*       Average L1 Loss:    {L1.Average():0.###} ");
            Console.WriteLine($"*       Average L2 Loss:    {L2.Average():0.###}  ");
            Console.WriteLine($"*       Average RMS:          {RMS.Average():0.###}  ");
            Console.WriteLine($"*       Average Loss Function: {lossFunction.Average():0.###}  ");
            Console.WriteLine($"*       Average R-squared: {R2.Average():0.###}  ");
            Console.WriteLine($"*************************************************************************************************************");
        }

        public static void PrintBinaryClassificationMetrics(BinaryClassificationMetrics metrics)
        {
            Console.WriteLine($"************************************************************");
            Console.WriteLine($"*       Metrics for binary classification model      ");
            Console.WriteLine($"*-----------------------------------------------------------");
            Console.WriteLine($"*       Accuracy: {metrics.Accuracy:P2}");
            Console.WriteLine($"*       Auc:      {metrics.Auc:P2}");
            Console.WriteLine($"************************************************************");
        }


        public static void PrintBinaryClassificationFoldsAverageMetrics(TrainCatalogBase.CrossValidationResult<BinaryClassificationMetrics>[] crossValResults)
        {
            var metricsInMultipleFolds = crossValResults.Select(r => r.Metrics);

            var AccuracyValues = metricsInMultipleFolds.Select(m => m.Accuracy);
            var AccuracyAverage = AccuracyValues.Average();
            var AccuraciesStdDeviation = CalculateStandardDeviation(AccuracyValues);
            var AccuraciesConfidenceInterval95 = CalculateConfidenceInterval95(AccuracyValues);


            Console.WriteLine($"*************************************************************************************************************");
            Console.WriteLine($"*       Metrics for Binary Classification model      ");
            Console.WriteLine($"*------------------------------------------------------------------------------------------------------------");
            Console.WriteLine($"*       Average Accuracy:    {AccuracyAverage:0.###}  - Standard deviation: ({AccuraciesStdDeviation:#.###})  - Confidence Interval 95%: ({AccuraciesConfidenceInterval95:#.###})");
            Console.WriteLine($"*************************************************************************************************************");

        }

        public static void PrintMultiClassClassificationMetrics(MultiClassClassifierMetrics metrics)
        {
            Console.WriteLine($"************************************************************");
            Console.WriteLine($"*    Metrics for multi-class classification model   ");
            Console.WriteLine($"*-----------------------------------------------------------");
            Console.WriteLine($"    AccuracyMacro = {metrics.AccuracyMacro:0.####}, a value between 0 and 1, the closer to 1, the better");
            Console.WriteLine($"    AccuracyMicro = {metrics.AccuracyMicro:0.####}, a value between 0 and 1, the closer to 1, the better");
            Console.WriteLine($"    LogLoss = {metrics.LogLoss:0.####}, the closer to 0, the better");
            Console.WriteLine($"    LogLoss for class 1 = {metrics.PerClassLogLoss[0]:0.####}, the closer to 0, the better");
            Console.WriteLine($"    LogLoss for class 2 = {metrics.PerClassLogLoss[1]:0.####}, the closer to 0, the better");
            Console.WriteLine($"    LogLoss for class 3 = {metrics.PerClassLogLoss[2]:0.####}, the closer to 0, the better");
            Console.WriteLine($"************************************************************");
        }

        public static void PrintMulticlassClassificationFoldsAverageMetrics(TrainCatalogBase.CrossValidationResult<MultiClassClassifierMetrics>[] crossValResults)
        {
            var metricsInMultipleFolds = crossValResults.Select(r => r.Metrics);

            var microAccuracyValues = metricsInMultipleFolds.Select(m => m.AccuracyMicro);
            var microAccuracyAverage = microAccuracyValues.Average();
            var microAccuraciesStdDeviation = CalculateStandardDeviation(microAccuracyValues);
            var microAccuraciesConfidenceInterval95 = CalculateConfidenceInterval95(microAccuracyValues);

            var macroAccuracyValues = metricsInMultipleFolds.Select(m => m.AccuracyMacro);
            var macroAccuracyAverage = macroAccuracyValues.Average();
            var macroAccuraciesStdDeviation = CalculateStandardDeviation(macroAccuracyValues);
            var macroAccuraciesConfidenceInterval95 = CalculateConfidenceInterval95(macroAccuracyValues);

            var logLossValues = metricsInMultipleFolds.Select(m => m.LogLoss);
            var logLossAverage = logLossValues.Average();
            var logLossStdDeviation = CalculateStandardDeviation(logLossValues);
            var logLossConfidenceInterval95 = CalculateConfidenceInterval95(logLossValues);

            var logLossReductionValues = metricsInMultipleFolds.Select(m => m.LogLossReduction);
            var logLossReductionAverage = logLossReductionValues.Average();
            var logLossReductionStdDeviation = CalculateStandardDeviation(logLossReductionValues);
            var logLossReductionConfidenceInterval95 = CalculateConfidenceInterval95(logLossReductionValues);

            Console.WriteLine($"*************************************************************************************************************");
            Console.WriteLine($"*       Metrics for Multi-class Classification model      ");
            Console.WriteLine($"*------------------------------------------------------------------------------------------------------------");
            Console.WriteLine($"*       Average MicroAccuracy:    {microAccuracyAverage:0.###}  - Standard deviation: ({microAccuraciesStdDeviation:#.###})  - Confidence Interval 95%: ({microAccuraciesConfidenceInterval95:#.###})");
            Console.WriteLine($"*       Average MacroAccuracy:    {macroAccuracyAverage:0.###}  - Standard deviation: ({macroAccuraciesStdDeviation:#.###})  - Confidence Interval 95%: ({macroAccuraciesConfidenceInterval95:#.###})");
            Console.WriteLine($"*       Average LogLoss:          {logLossAverage:#.###}  - Standard deviation: ({logLossStdDeviation:#.###})  - Confidence Interval 95%: ({logLossConfidenceInterval95:#.###})");
            Console.WriteLine($"*       Average LogLossReduction: {logLossReductionAverage:#.###}  - Standard deviation: ({logLossReductionStdDeviation:#.###})  - Confidence Interval 95%: ({logLossReductionConfidenceInterval95:#.###})");
            Console.WriteLine($"*************************************************************************************************************");

        }

        public static double CalculateStandardDeviation(IEnumerable<double> values)
        {
            double average = values.Average();
            double sumOfSquaresOfDifferences = values.Select(val => (val - average) * (val - average)).Sum();
            double standardDeviation = Math.Sqrt(sumOfSquaresOfDifferences / (values.Count() - 1));
            return standardDeviation;
        }

        public static double CalculateConfidenceInterval95(IEnumerable<double> values)
        {
            double confidenceInterval95 = 1.96 * CalculateStandardDeviation(values) / Math.Sqrt((values.Count() - 1));
            return confidenceInterval95;
        }
    }
}
